// Jest Snapshot v1, https://goo.gl/fbAQLP

exports[`Should Header render correctly Test Profile Componenet 1`] = `null`;
