// Jest Snapshot v1, https://goo.gl/fbAQLP

exports[`Check Homepage renders correctly 1`] = `
<div
  className="rockets"
/>
`;
